npm warn Unknown env config "http-proxy". This will stop working in the next major version of npm.
[WebServer] (node:31) Warning: The 'NO_COLOR' env is ignored due to the 'FORCE_COLOR' env being set.
[WebServer] (Use `node --trace-warnings ...` to show where the warning was created)
[WebServer] npm warn Unknown env config "http-proxy". This will stop working in the next major version of npm.
[WebServer] (node:44) Warning: The 'NO_COLOR' env is ignored due to the 'FORCE_COLOR' env being set.
[WebServer] (Use `node --trace-warnings ...` to show where the warning was created)
[WebServer] (node:53) Warning: The 'NO_COLOR' env is ignored due to the 'FORCE_COLOR' env being set.
[WebServer] (Use `node --trace-warnings ...` to show where the warning was created)
[WebServer] (node:61) Warning: The 'NO_COLOR' env is ignored due to the 'FORCE_COLOR' env being set.
[WebServer] (Use `node --trace-warnings ...` to show where the warning was created)
[WebServer] (node:61) Warning: The 'NO_COLOR' env is ignored due to the 'FORCE_COLOR' env being set.
[WebServer] (Use `node --trace-warnings ...` to show where the warning was created)

Running 2 tests using 1 worker

(node:100) Warning: The 'NO_COLOR' env is ignored due to the 'FORCE_COLOR' env being set.
(Use `node --trace-warnings ...` to show where the warning was created)
  ✘  1 tests/e2e/widget-catalog.spec.ts:7:1 › every built-in instrument adds, shares, moves and survives reload (2ms)
Testing stopped early after 1 maximum allowed failures.


  1) tests/e2e/widget-catalog.spec.ts:7:1 › every built-in instrument adds, shares, moves and survives reload 

    Error: browserType.launch: Executable doesn't exist at /root/.cache/ms-playwright/chromium_headless_shell-1243/chrome-headless-shell-linux64/chrome-headless-shell
    ╔════════════════════════════════════════════════════════════╗
    ║ Looks like Playwright was just installed or updated.       ║
    ║ Please run the following command to download new browsers: ║
    ║                                                            ║
    ║     npx playwright install                                 ║
    ║                                                            ║
    ║ <3 Playwright Team                                         ║
    ╚════════════════════════════════════════════════════════════╝

    Error Context: test-results/widget-catalog-every-built-258a5-s-moves-and-survives-reload/error-context.md

    attachment #2: trace (application/zip) ─────────────────────────────────────────────────────────
    test-results/widget-catalog-every-built-258a5-s-moves-and-survives-reload/trace.zip
    Usage:

        npx playwright show-trace test-results/widget-catalog-every-built-258a5-s-moves-and-survives-reload/trace.zip

    ────────────────────────────────────────────────────────────────────────────────────────────────

  1 failed
    tests/e2e/widget-catalog.spec.ts:7:1 › every built-in instrument adds, shares, moves and survives reload 
  1 did not run
  1 error was not a part of any test, see above for details
