npm warn Unknown env config "http-proxy". This will stop working in the next major version of npm.

> present-essence@0.1.0 prebuild
> node scripts/sync-assets.mjs


> present-essence@0.1.0 build
> tsc --noEmit && vite build

vite v7.3.6 building client environment for production...
transforming...
node_modules/@tiptap/react/dist/index.js (1:0): Module level directives cause errors when bundled, "use client" in "node_modules/@tiptap/react/dist/index.js" was ignored.
node_modules/@radix-ui/react-accordion/dist/index.mjs (1:0): Module level directives cause errors when bundled, "use client" in "node_modules/@radix-ui/react-accordion/dist/index.mjs" was ignored.
node_modules/@radix-ui/react-alert-dialog/dist/index.mjs (1:0): Module level directives cause errors when bundled, "use client" in "node_modules/@radix-ui/react-alert-dialog/dist/index.mjs" was ignored.
node_modules/@radix-ui/react-checkbox/dist/index.mjs (1:0): Module level directives cause errors when bundled, "use client" in "node_modules/@radix-ui/react-checkbox/dist/index.mjs" was ignored.
node_modules/@radix-ui/react-avatar/dist/index.mjs (1:0): Module level directives cause errors when bundled, "use client" in "node_modules/@radix-ui/react-avatar/dist/index.mjs" was ignored.
node_modules/@radix-ui/react-collapsible/dist/index.mjs (1:0): Module level directives cause errors when bundled, "use client" in "node_modules/@radix-ui/react-collapsible/dist/index.mjs" was ignored.
node_modules/@radix-ui/react-dialog/dist/index.mjs (1:0): Module level directives cause errors when bundled, "use client" in "node_modules/@radix-ui/react-dialog/dist/index.mjs" was ignored.
node_modules/@radix-ui/react-direction/dist/index.mjs (1:0): Module level directives cause errors when bundled, "use client" in "node_modules/@radix-ui/react-direction/dist/index.mjs" was ignored.
node_modules/@radix-ui/react-dropdown-menu/dist/index.mjs (1:0): Module level directives cause errors when bundled, "use client" in "node_modules/@radix-ui/react-dropdown-menu/dist/index.mjs" was ignored.
node_modules/@radix-ui/react-form/dist/index.mjs (1:0): Module level directives cause errors when bundled, "use client" in "node_modules/@radix-ui/react-form/dist/index.mjs" was ignored.
node_modules/@radix-ui/react-context-menu/dist/index.mjs (1:0): Module level directives cause errors when bundled, "use client" in "node_modules/@radix-ui/react-context-menu/dist/index.mjs" was ignored.
node_modules/@radix-ui/react-menubar/dist/index.mjs (1:0): Module level directives cause errors when bundled, "use client" in "node_modules/@radix-ui/react-menubar/dist/index.mjs" was ignored.
node_modules/@radix-ui/react-label/dist/index.mjs (1:0): Module level directives cause errors when bundled, "use client" in "node_modules/@radix-ui/react-label/dist/index.mjs" was ignored.
node_modules/@radix-ui/react-one-time-password-field/dist/index.mjs (1:0): Module level directives cause errors when bundled, "use client" in "node_modules/@radix-ui/react-one-time-password-field/dist/index.mjs" was ignored.
node_modules/@radix-ui/react-password-toggle-field/dist/index.mjs (1:0): Module level directives cause errors when bundled, "use client" in "node_modules/@radix-ui/react-password-toggle-field/dist/index.mjs" was ignored.
node_modules/@radix-ui/react-hover-card/dist/index.mjs (1:0): Module level directives cause errors when bundled, "use client" in "node_modules/@radix-ui/react-hover-card/dist/index.mjs" was ignored.
node_modules/@radix-ui/react-portal/dist/index.mjs (1:0): Module level directives cause errors when bundled, "use client" in "node_modules/@radix-ui/react-portal/dist/index.mjs" was ignored.
node_modules/@radix-ui/react-navigation-menu/dist/index.mjs (1:0): Module level directives cause errors when bundled, "use client" in "node_modules/@radix-ui/react-navigation-menu/dist/index.mjs" was ignored.
node_modules/@radix-ui/react-progress/dist/index.mjs (1:0): Module level directives cause errors when bundled, "use client" in "node_modules/@radix-ui/react-progress/dist/index.mjs" was ignored.
node_modules/@radix-ui/react-radio-group/dist/index.mjs (1:0): Module level directives cause errors when bundled, "use client" in "node_modules/@radix-ui/react-radio-group/dist/index.mjs" was ignored.
node_modules/@radix-ui/react-popover/dist/index.mjs (1:0): Module level directives cause errors when bundled, "use client" in "node_modules/@radix-ui/react-popover/dist/index.mjs" was ignored.
node_modules/@radix-ui/react-scroll-area/dist/index.mjs (1:0): Module level directives cause errors when bundled, "use client" in "node_modules/@radix-ui/react-scroll-area/dist/index.mjs" was ignored.
node_modules/@radix-ui/react-switch/dist/index.mjs (1:0): Module level directives cause errors when bundled, "use client" in "node_modules/@radix-ui/react-switch/dist/index.mjs" was ignored.
node_modules/@radix-ui/react-slider/dist/index.mjs (1:0): Module level directives cause errors when bundled, "use client" in "node_modules/@radix-ui/react-slider/dist/index.mjs" was ignored.
node_modules/@radix-ui/react-tabs/dist/index.mjs (1:0): Module level directives cause errors when bundled, "use client" in "node_modules/@radix-ui/react-tabs/dist/index.mjs" was ignored.
node_modules/@radix-ui/react-toggle/dist/index.mjs (1:0): Module level directives cause errors when bundled, "use client" in "node_modules/@radix-ui/react-toggle/dist/index.mjs" was ignored.
node_modules/@radix-ui/react-toggle-group/dist/index.mjs (1:0): Module level directives cause errors when bundled, "use client" in "node_modules/@radix-ui/react-toggle-group/dist/index.mjs" was ignored.
node_modules/@radix-ui/react-toolbar/dist/index.mjs (1:0): Module level directives cause errors when bundled, "use client" in "node_modules/@radix-ui/react-toolbar/dist/index.mjs" was ignored.
node_modules/@radix-ui/react-toast/dist/index.mjs (1:0): Module level directives cause errors when bundled, "use client" in "node_modules/@radix-ui/react-toast/dist/index.mjs" was ignored.
node_modules/@radix-ui/react-tooltip/dist/index.mjs (1:0): Module level directives cause errors when bundled, "use client" in "node_modules/@radix-ui/react-tooltip/dist/index.mjs" was ignored.
node_modules/@radix-ui/react-select/dist/index.mjs (1:0): Module level directives cause errors when bundled, "use client" in "node_modules/@radix-ui/react-select/dist/index.mjs" was ignored.
node_modules/@radix-ui/react-presence/dist/index.mjs (1:0): Module level directives cause errors when bundled, "use client" in "node_modules/@radix-ui/react-presence/dist/index.mjs" was ignored.
node_modules/@radix-ui/react-collection/dist/index.mjs (1:0): Module level directives cause errors when bundled, "use client" in "node_modules/@radix-ui/react-collection/dist/index.mjs" was ignored.
node_modules/@radix-ui/react-focus-guards/dist/index.mjs (1:0): Module level directives cause errors when bundled, "use client" in "node_modules/@radix-ui/react-focus-guards/dist/index.mjs" was ignored.
node_modules/@radix-ui/react-dismissable-layer/dist/index.mjs (1:0): Module level directives cause errors when bundled, "use client" in "node_modules/@radix-ui/react-dismissable-layer/dist/index.mjs" was ignored.
node_modules/@radix-ui/react-focus-scope/dist/index.mjs (1:0): Module level directives cause errors when bundled, "use client" in "node_modules/@radix-ui/react-focus-scope/dist/index.mjs" was ignored.
node_modules/@radix-ui/react-roving-focus/dist/index.mjs (1:0): Module level directives cause errors when bundled, "use client" in "node_modules/@radix-ui/react-roving-focus/dist/index.mjs" was ignored.
node_modules/@radix-ui/react-menu/dist/index.mjs (1:0): Module level directives cause errors when bundled, "use client" in "node_modules/@radix-ui/react-menu/dist/index.mjs" was ignored.
node_modules/@radix-ui/react-popper/dist/index.mjs (1:0): Module level directives cause errors when bundled, "use client" in "node_modules/@radix-ui/react-popper/dist/index.mjs" was ignored.
node_modules/zod/v4/core/util.js (330:0): A comment

"// Wrapped in a `@__PURE__` IIFE: esbuild never tree-shakes a top-level initializer that contains a member access on `Number`, so the bare object literal survived into every bundle."

in "node_modules/zod/v4/core/util.js" contains an annotation that Rollup cannot interpret due to the position of the comment. The comment will be removed to avoid issues.
node_modules/zod/v4/core/regexes.js (70:0): A comment

"/** Anchors a pattern source. The interpolation lives here rather than at the call site because
 * esbuild will not drop a `@__PURE__` call whose own argument interpolates a variable, but it
 * will drop `anchor(dateSource)`. Keeping it inline pinned `date` into every bundle. */"

in "node_modules/zod/v4/core/regexes.js" contains an annotation that Rollup cannot interpret due to the position of the comment. The comment will be removed to avoid issues.
✓ 1170 modules transformed.
rendering chunks...
[plugin vite:reporter] 
(!) /workspace/scratch/11371290c1ae/present/node_modules/tldraw/dist-esm/index.mjs is dynamically imported by /workspace/scratch/11371290c1ae/present/src/tldraw/file-io.ts but also statically imported by /workspace/scratch/11371290c1ae/present/node_modules/@tldraw/sync/dist-esm/useSync.mjs, /workspace/scratch/11371290c1ae/present/node_modules/@tldraw/sync/dist-esm/useSyncDemo.mjs, /workspace/scratch/11371290c1ae/present/src/activities/activity-controller.tsx, /workspace/scratch/11371290c1ae/present/src/activities/activity-stage.tsx, /workspace/scratch/11371290c1ae/present/src/app.tsx, /workspace/scratch/11371290c1ae/present/src/canvas.tsx, /workspace/scratch/11371290c1ae/present/src/media/tile-settings.tsx, /workspace/scratch/11371290c1ae/present/src/room-client.ts, /workspace/scratch/11371290c1ae/present/src/room-memory.tsx, /workspace/scratch/11371290c1ae/present/src/scenes/scene-controls.tsx, /workspace/scratch/11371290c1ae/present/src/tldraw/PresentWidgetShapeUtil.tsx, /workspace/scratch/11371290c1ae/present/src/tldraw/canvas-chrome.tsx, /workspace/scratch/11371290c1ae/present/src/tldraw/context.ts, /workspace/scratch/11371290c1ae/present/src/tldraw/focus.ts, /workspace/scratch/11371290c1ae/present/src/tldraw/native-controls.tsx, /workspace/scratch/11371290c1ae/present/src/tldraw/render-receipts.tsx, /workspace/scratch/11371290c1ae/present/src/tldraw/tool-rail.tsx, /workspace/scratch/11371290c1ae/present/src/widgets/captions.tsx, /workspace/scratch/11371290c1ae/present/src/widgets/widget-content.tsx, /workspace/scratch/11371290c1ae/present/src/widgets/work-card.tsx, dynamic import will not move module into another chunk.

computing gzip size...
dist/index.html                                 0.56 kB │ gzip:   0.37 kB
dist/assets/index-CFKz8JY1.css                144.06 kB │ gzip:  29.46 kB
dist/assets/livekit-client.esm-BC4MkB24.js    531.04 kB │ gzip: 139.34 kB
dist/assets/index-Ctih-S6Z.js               2,375.03 kB │ gzip: 725.75 kB

(!) Some chunks are larger than 500 kB after minification. Consider:
- Using dynamic import() to code-split the application
- Use build.rollupOptions.output.manualChunks to improve chunking: https://rollupjs.org/configuration-options/#output-manualchunks
- Adjust chunk size limit for this warning via build.chunkSizeWarningLimit.
✓ built in 6.37s
